Duplicated file found; will not be sent for synthesis: /home/cod/Desktop/prj5_3/success/prj5-dnn-harvardchen/hardware/vivado_prj/prj_5/prj_5.srcs/sources_1/bd/mpsoc/ipshared/52cb/hdl/lib_cdc_v1_0_rfs.vhd
Duplicated file found; will not be sent for synthesis: /home/cod/Desktop/prj5_3/success/prj5-dnn-harvardchen/hardware/vivado_prj/prj_5/prj_5.srcs/sources_1/bd/mpsoc/ipshared/0ba0/hdl/axi_lite_ipif_v3_0_vh_rfs.vhd
Duplicated file found; will not be sent for synthesis: /home/cod/Desktop/prj5_3/success/prj5-dnn-harvardchen/hardware/vivado_prj/prj_5/prj_5.srcs/sources_1/bd/mpsoc/ipshared/52cb/hdl/lib_cdc_v1_0_rfs.vhd
Duplicated file found; will not be sent for synthesis: /home/cod/Desktop/prj5_3/success/prj5-dnn-harvardchen/hardware/vivado_prj/prj_5/prj_5.srcs/sources_1/bd/mpsoc/ipshared/0ba0/hdl/axi_lite_ipif_v3_0_vh_rfs.vhd
Duplicated file found; will not be sent for synthesis: /home/cod/Desktop/prj5_3/success/prj5-dnn-harvardchen/hardware/vivado_prj/prj_5/prj_5.srcs/sources_1/bd/mpsoc/ipshared/52cb/hdl/lib_cdc_v1_0_rfs.vhd
Duplicated file found; will not be sent for synthesis: /home/cod/Desktop/prj5_3/success/prj5-dnn-harvardchen/hardware/vivado_prj/prj_5/prj_5.srcs/sources_1/bd/mpsoc/ipshared/e956/hdl/interrupt_control_v3_1_vh_rfs.vhd
Duplicated file found; will not be sent for synthesis: /home/cod/Desktop/prj5_3/success/prj5-dnn-harvardchen/hardware/vivado_prj/prj_5/prj_5.srcs/sources_1/bd/mpsoc/ipshared/cb07/hdl/axi_gpio_v2_0_vh_rfs.vhd
Duplicated file found; will not be sent for synthesis: /home/cod/Desktop/prj5_3/success/prj5-dnn-harvardchen/hardware/vivado_prj/prj_5/prj_5.srcs/sources_1/bd/mpsoc/ipshared/0ba0/hdl/axi_lite_ipif_v3_0_vh_rfs.vhd
Duplicated file found; will not be sent for synthesis: /home/cod/Desktop/prj5_3/success/prj5-dnn-harvardchen/hardware/vivado_prj/prj_5/prj_5.srcs/sources_1/bd/mpsoc/ipshared/52cb/hdl/lib_cdc_v1_0_rfs.vhd
Duplicated file found; will not be sent for synthesis: /home/cod/Desktop/prj5_3/success/prj5-dnn-harvardchen/hardware/vivado_prj/prj_5/prj_5.srcs/sources_1/bd/mpsoc/ipshared/e956/hdl/interrupt_control_v3_1_vh_rfs.vhd
Duplicated file found; will not be sent for synthesis: /home/cod/Desktop/prj5_3/success/prj5-dnn-harvardchen/hardware/vivado_prj/prj_5/prj_5.srcs/sources_1/bd/mpsoc/ipshared/cb07/hdl/axi_gpio_v2_0_vh_rfs.vhd
Duplicated file found; will not be sent for synthesis: /home/cod/Desktop/prj5_3/success/prj5-dnn-harvardchen/hardware/vivado_prj/prj_5/prj_5.srcs/sources_1/bd/mpsoc/ipshared/0ba0/hdl/axi_lite_ipif_v3_0_vh_rfs.vhd
Duplicated file found; will not be sent for synthesis: /home/cod/Desktop/prj5_3/success/prj5-dnn-harvardchen/hardware/vivado_prj/prj_5/prj_5.srcs/sources_1/bd/mpsoc/ipshared/52cb/hdl/lib_cdc_v1_0_rfs.vhd
Duplicated file found; will not be sent for synthesis: /home/cod/Desktop/prj5_3/success/prj5-dnn-harvardchen/hardware/vivado_prj/prj_5/prj_5.srcs/sources_1/bd/mpsoc/ipshared/e956/hdl/interrupt_control_v3_1_vh_rfs.vhd
Duplicated file found; will not be sent for synthesis: /home/cod/Desktop/prj5_3/success/prj5-dnn-harvardchen/hardware/vivado_prj/prj_5/prj_5.srcs/sources_1/bd/mpsoc/ipshared/cb07/hdl/axi_gpio_v2_0_vh_rfs.vhd
Duplicated file found; will not be sent for synthesis: /home/cod/Desktop/prj5_3/success/prj5-dnn-harvardchen/hardware/vivado_prj/prj_5/prj_5.srcs/sources_1/bd/mpsoc/ipshared/0ba0/hdl/axi_lite_ipif_v3_0_vh_rfs.vhd
Duplicated file found; will not be sent for synthesis: /home/cod/Desktop/prj5_3/success/prj5-dnn-harvardchen/hardware/vivado_prj/prj_5/prj_5.srcs/sources_1/bd/mpsoc/ipshared/52cb/hdl/lib_cdc_v1_0_rfs.vhd
Duplicated file found; will not be sent for synthesis: /home/cod/Desktop/prj5_3/success/prj5-dnn-harvardchen/hardware/vivado_prj/prj_5/prj_5.srcs/sources_1/bd/mpsoc/ipshared/e956/hdl/interrupt_control_v3_1_vh_rfs.vhd
Duplicated file found; will not be sent for synthesis: /home/cod/Desktop/prj5_3/success/prj5-dnn-harvardchen/hardware/vivado_prj/prj_5/prj_5.srcs/sources_1/bd/mpsoc/ipshared/cb07/hdl/axi_gpio_v2_0_vh_rfs.vhd
Duplicated file found; will not be sent for synthesis: /home/cod/Desktop/prj5_3/success/prj5-dnn-harvardchen/hardware/vivado_prj/prj_5/prj_5.srcs/sources_1/bd/mpsoc/ipshared/0ba0/hdl/axi_lite_ipif_v3_0_vh_rfs.vhd
Duplicated file found; will not be sent for synthesis: /home/cod/Desktop/prj5_3/success/prj5-dnn-harvardchen/hardware/vivado_prj/prj_5/prj_5.srcs/sources_1/bd/mpsoc/ipshared/52cb/hdl/lib_cdc_v1_0_rfs.vhd
Duplicated file found; will not be sent for synthesis: /home/cod/Desktop/prj5_3/success/prj5-dnn-harvardchen/hardware/vivado_prj/prj_5/prj_5.srcs/sources_1/bd/mpsoc/ipshared/e956/hdl/interrupt_control_v3_1_vh_rfs.vhd
Duplicated file found; will not be sent for synthesis: /home/cod/Desktop/prj5_3/success/prj5-dnn-harvardchen/hardware/vivado_prj/prj_5/prj_5.srcs/sources_1/bd/mpsoc/ipshared/cb07/hdl/axi_gpio_v2_0_vh_rfs.vhd
Duplicated file found; will not be sent for synthesis: /home/cod/Desktop/prj5_3/success/prj5-dnn-harvardchen/hardware/vivado_prj/prj_5/prj_5.srcs/sources_1/bd/mpsoc/ipshared/0ba0/hdl/axi_lite_ipif_v3_0_vh_rfs.vhd
Duplicated file found; will not be sent for synthesis: /home/cod/Desktop/prj5_3/success/prj5-dnn-harvardchen/hardware/vivado_prj/prj_5/prj_5.srcs/sources_1/bd/mpsoc/ipshared/52cb/hdl/lib_cdc_v1_0_rfs.vhd
Duplicated file found; will not be sent for synthesis: /home/cod/Desktop/prj5_3/success/prj5-dnn-harvardchen/hardware/vivado_prj/prj_5/prj_5.srcs/sources_1/bd/mpsoc/ipshared/e956/hdl/interrupt_control_v3_1_vh_rfs.vhd
Duplicated file found; will not be sent for synthesis: /home/cod/Desktop/prj5_3/success/prj5-dnn-harvardchen/hardware/vivado_prj/prj_5/prj_5.srcs/sources_1/bd/mpsoc/ipshared/cb07/hdl/axi_gpio_v2_0_vh_rfs.vhd
Duplicated file found; will not be sent for synthesis: /home/cod/Desktop/prj5_3/success/prj5-dnn-harvardchen/hardware/vivado_prj/prj_5/prj_5.srcs/sources_1/bd/mpsoc/ipshared/0ba0/hdl/axi_lite_ipif_v3_0_vh_rfs.vhd
Duplicated file found; will not be sent for synthesis: /home/cod/Desktop/prj5_3/success/prj5-dnn-harvardchen/hardware/vivado_prj/prj_5/prj_5.srcs/sources_1/bd/mpsoc/ipshared/52cb/hdl/lib_cdc_v1_0_rfs.vhd
Duplicated file found; will not be sent for synthesis: /home/cod/Desktop/prj5_3/success/prj5-dnn-harvardchen/hardware/vivado_prj/prj_5/prj_5.srcs/sources_1/bd/mpsoc/ipshared/e956/hdl/interrupt_control_v3_1_vh_rfs.vhd
Duplicated file found; will not be sent for synthesis: /home/cod/Desktop/prj5_3/success/prj5-dnn-harvardchen/hardware/vivado_prj/prj_5/prj_5.srcs/sources_1/bd/mpsoc/ipshared/cb07/hdl/axi_gpio_v2_0_vh_rfs.vhd
Duplicated file found; will not be sent for synthesis: /home/cod/Desktop/prj5_3/success/prj5-dnn-harvardchen/hardware/vivado_prj/prj_5/prj_5.srcs/sources_1/bd/mpsoc/ipshared/0ba0/hdl/axi_lite_ipif_v3_0_vh_rfs.vhd
Duplicated file found; will not be sent for synthesis: /home/cod/Desktop/prj5_3/success/prj5-dnn-harvardchen/hardware/vivado_prj/prj_5/prj_5.srcs/sources_1/bd/mpsoc/ipshared/52cb/hdl/lib_cdc_v1_0_rfs.vhd
Duplicated file found; will not be sent for synthesis: /home/cod/Desktop/prj5_3/success/prj5-dnn-harvardchen/hardware/vivado_prj/prj_5/prj_5.srcs/sources_1/bd/mpsoc/ipshared/e956/hdl/interrupt_control_v3_1_vh_rfs.vhd
Duplicated file found; will not be sent for synthesis: /home/cod/Desktop/prj5_3/success/prj5-dnn-harvardchen/hardware/vivado_prj/prj_5/prj_5.srcs/sources_1/bd/mpsoc/ipshared/cb07/hdl/axi_gpio_v2_0_vh_rfs.vhd
Duplicated file found; will not be sent for synthesis: /home/cod/Desktop/prj5_3/success/prj5-dnn-harvardchen/hardware/vivado_prj/prj_5/prj_5.srcs/sources_1/bd/mpsoc/ipshared/f9c1/hdl/generic_baseblocks_v2_1_vl_rfs.v
Duplicated file found; will not be sent for synthesis: /home/cod/Desktop/prj5_3/success/prj5-dnn-harvardchen/hardware/vivado_prj/prj_5/prj_5.srcs/sources_1/bd/mpsoc/ipshared/7e3a/hdl/axi_infrastructure_v1_1_0.vh
Duplicated file found; will not be sent for synthesis: /home/cod/Desktop/prj5_3/success/prj5-dnn-harvardchen/hardware/vivado_prj/prj_5/prj_5.srcs/sources_1/bd/mpsoc/ipshared/7e3a/hdl/axi_infrastructure_v1_1_vl_rfs.v
Duplicated file found; will not be sent for synthesis: /home/cod/Desktop/prj5_3/success/prj5-dnn-harvardchen/hardware/vivado_prj/prj_5/prj_5.srcs/sources_1/bd/mpsoc/ipshared/55c0/hdl/axi_register_slice_v2_1_vl_rfs.v
Duplicated file found; will not be sent for synthesis: /home/cod/Desktop/prj5_3/success/prj5-dnn-harvardchen/hardware/vivado_prj/prj_5/prj_5.srcs/sources_1/bd/mpsoc/ipshared/95b9/hdl/axi_data_fifo_v2_1_vl_rfs.v
Duplicated file found; will not be sent for synthesis: /home/cod/Desktop/prj5_3/success/prj5-dnn-harvardchen/hardware/vivado_prj/prj_5/prj_5.srcs/sources_1/bd/mpsoc/ipshared/f582/hdl/axi_crossbar_v2_1_vl_rfs.v
Duplicated file found; will not be sent for synthesis: /home/cod/Desktop/prj5_3/success/prj5-dnn-harvardchen/hardware/vivado_prj/prj_5/prj_5.srcs/sources_1/bd/mpsoc/ipshared/4158/hdl/blk_mem_gen_v8_3_vhsyn_rfs.vhd
Duplicated file found; will not be sent for synthesis: /home/cod/Desktop/prj5_3/success/prj5-dnn-harvardchen/hardware/vivado_prj/prj_5/prj_5.srcs/sources_1/bd/mpsoc/ipshared/ebc2/hdl/fifo_generator_v13_1_vhsyn_rfs.vhd
Duplicated file found; will not be sent for synthesis: /home/cod/Desktop/prj5_3/success/prj5-dnn-harvardchen/hardware/vivado_prj/prj_5/prj_5.srcs/sources_1/bd/mpsoc/ipshared/7e3a/hdl/axi_infrastructure_v1_1_0.vh
Duplicated file found; will not be sent for synthesis: /home/cod/Desktop/prj5_3/success/prj5-dnn-harvardchen/hardware/vivado_prj/prj_5/prj_5.srcs/sources_1/bd/mpsoc/ipshared/7e3a/hdl/axi_infrastructure_v1_1_vl_rfs.v
Duplicated file found; will not be sent for synthesis: /home/cod/Desktop/prj5_3/success/prj5-dnn-harvardchen/hardware/vivado_prj/prj_5/prj_5.srcs/sources_1/bd/mpsoc/ipshared/55c0/hdl/axi_register_slice_v2_1_vl_rfs.v
Duplicated file found; will not be sent for synthesis: /home/cod/Desktop/prj5_3/success/prj5-dnn-harvardchen/hardware/vivado_prj/prj_5/prj_5.srcs/sources_1/bd/mpsoc/ipshared/7e3a/hdl/axi_infrastructure_v1_1_0.vh
Duplicated file found; will not be sent for synthesis: /home/cod/Desktop/prj5_3/success/prj5-dnn-harvardchen/hardware/vivado_prj/prj_5/prj_5.srcs/sources_1/bd/mpsoc/ipshared/7e3a/hdl/axi_infrastructure_v1_1_vl_rfs.v
Duplicated file found; will not be sent for synthesis: /home/cod/Desktop/prj5_3/success/prj5-dnn-harvardchen/hardware/vivado_prj/prj_5/prj_5.srcs/sources_1/bd/mpsoc/ipshared/55c0/hdl/axi_register_slice_v2_1_vl_rfs.v
Duplicated file found; will not be sent for synthesis: /home/cod/Desktop/prj5_3/success/prj5-dnn-harvardchen/hardware/vivado_prj/prj_5/prj_5.srcs/sources_1/bd/mpsoc/ipshared/7aec/hdl/axi_mmu_v2_1_vl_rfs.v
Duplicated file found; will not be sent for synthesis: /home/cod/Desktop/prj5_3/success/prj5-dnn-harvardchen/hardware/vivado_prj/prj_5/prj_5.srcs/sources_1/bd/mpsoc/ipshared/f9c1/hdl/generic_baseblocks_v2_1_vl_rfs.v
Duplicated file found; will not be sent for synthesis: /home/cod/Desktop/prj5_3/success/prj5-dnn-harvardchen/hardware/vivado_prj/prj_5/prj_5.srcs/sources_1/bd/mpsoc/ipshared/95b9/hdl/axi_data_fifo_v2_1_vl_rfs.v
Duplicated file found; will not be sent for synthesis: /home/cod/Desktop/prj5_3/success/prj5-dnn-harvardchen/hardware/vivado_prj/prj_5/prj_5.srcs/sources_1/bd/mpsoc/ipshared/7e3a/hdl/axi_infrastructure_v1_1_0.vh
Duplicated file found; will not be sent for synthesis: /home/cod/Desktop/prj5_3/success/prj5-dnn-harvardchen/hardware/vivado_prj/prj_5/prj_5.srcs/sources_1/bd/mpsoc/ipshared/7e3a/hdl/axi_infrastructure_v1_1_vl_rfs.v
Duplicated file found; will not be sent for synthesis: /home/cod/Desktop/prj5_3/success/prj5-dnn-harvardchen/hardware/vivado_prj/prj_5/prj_5.srcs/sources_1/bd/mpsoc/ipshared/55c0/hdl/axi_register_slice_v2_1_vl_rfs.v
Duplicated file found; will not be sent for synthesis: /home/cod/Desktop/prj5_3/success/prj5-dnn-harvardchen/hardware/vivado_prj/prj_5/prj_5.srcs/sources_1/bd/mpsoc/ipshared/4158/hdl/blk_mem_gen_v8_3_vhsyn_rfs.vhd
Duplicated file found; will not be sent for synthesis: /home/cod/Desktop/prj5_3/success/prj5-dnn-harvardchen/hardware/vivado_prj/prj_5/prj_5.srcs/sources_1/bd/mpsoc/ipshared/ebc2/hdl/fifo_generator_v13_1_vhsyn_rfs.vhd
Duplicated file found; will not be sent for synthesis: /home/cod/Desktop/prj5_3/success/prj5-dnn-harvardchen/hardware/vivado_prj/prj_5/prj_5.srcs/sources_1/bd/mpsoc/ipshared/f9c1/hdl/generic_baseblocks_v2_1_vl_rfs.v
Duplicated file found; will not be sent for synthesis: /home/cod/Desktop/prj5_3/success/prj5-dnn-harvardchen/hardware/vivado_prj/prj_5/prj_5.srcs/sources_1/bd/mpsoc/ipshared/95b9/hdl/axi_data_fifo_v2_1_vl_rfs.v
Duplicated file found; will not be sent for synthesis: /home/cod/Desktop/prj5_3/success/prj5-dnn-harvardchen/hardware/vivado_prj/prj_5/prj_5.srcs/sources_1/bd/mpsoc/ipshared/7e3a/hdl/axi_infrastructure_v1_1_0.vh
Duplicated file found; will not be sent for synthesis: /home/cod/Desktop/prj5_3/success/prj5-dnn-harvardchen/hardware/vivado_prj/prj_5/prj_5.srcs/sources_1/bd/mpsoc/ipshared/7e3a/hdl/axi_infrastructure_v1_1_vl_rfs.v
Duplicated file found; will not be sent for synthesis: /home/cod/Desktop/prj5_3/success/prj5-dnn-harvardchen/hardware/vivado_prj/prj_5/prj_5.srcs/sources_1/bd/mpsoc/ipshared/55c0/hdl/axi_register_slice_v2_1_vl_rfs.v
Duplicated file found; will not be sent for synthesis: /home/cod/Desktop/prj5_3/success/prj5-dnn-harvardchen/hardware/vivado_prj/prj_5/prj_5.srcs/sources_1/bd/mpsoc/ipshared/f0ae/hdl/axi_protocol_converter_v2_1_vl_rfs.v
Duplicated file found; will not be sent for synthesis: /home/cod/Desktop/prj5_3/success/prj5-dnn-harvardchen/hardware/vivado_prj/prj_5/prj_5.srcs/sources_1/bd/mpsoc/ipshared/4158/hdl/blk_mem_gen_v8_3_vhsyn_rfs.vhd
Duplicated file found; will not be sent for synthesis: /home/cod/Desktop/prj5_3/success/prj5-dnn-harvardchen/hardware/vivado_prj/prj_5/prj_5.srcs/sources_1/bd/mpsoc/ipshared/ebc2/hdl/fifo_generator_v13_1_vhsyn_rfs.vhd
Duplicated file found; will not be sent for synthesis: /home/cod/Desktop/prj5_3/success/prj5-dnn-harvardchen/hardware/vivado_prj/prj_5/prj_5.srcs/sources_1/bd/mpsoc/ipshared/f9c1/hdl/generic_baseblocks_v2_1_vl_rfs.v
Duplicated file found; will not be sent for synthesis: /home/cod/Desktop/prj5_3/success/prj5-dnn-harvardchen/hardware/vivado_prj/prj_5/prj_5.srcs/sources_1/bd/mpsoc/ipshared/95b9/hdl/axi_data_fifo_v2_1_vl_rfs.v
Duplicated file found; will not be sent for synthesis: /home/cod/Desktop/prj5_3/success/prj5-dnn-harvardchen/hardware/vivado_prj/prj_5/prj_5.srcs/sources_1/bd/mpsoc/ipshared/7e3a/hdl/axi_infrastructure_v1_1_0.vh
Duplicated file found; will not be sent for synthesis: /home/cod/Desktop/prj5_3/success/prj5-dnn-harvardchen/hardware/vivado_prj/prj_5/prj_5.srcs/sources_1/bd/mpsoc/ipshared/7e3a/hdl/axi_infrastructure_v1_1_vl_rfs.v
Duplicated file found; will not be sent for synthesis: /home/cod/Desktop/prj5_3/success/prj5-dnn-harvardchen/hardware/vivado_prj/prj_5/prj_5.srcs/sources_1/bd/mpsoc/ipshared/55c0/hdl/axi_register_slice_v2_1_vl_rfs.v
Duplicated file found; will not be sent for synthesis: /home/cod/Desktop/prj5_3/success/prj5-dnn-harvardchen/hardware/vivado_prj/prj_5/prj_5.srcs/sources_1/bd/mpsoc/ipshared/f0ae/hdl/axi_protocol_converter_v2_1_vl_rfs.v
Duplicated file found; will not be sent for synthesis: /home/cod/Desktop/prj5_3/success/prj5-dnn-harvardchen/hardware/vivado_prj/prj_5/prj_5.srcs/sources_1/bd/mpsoc/ipshared/80fd/hdl/axi_clock_converter_v2_1_vl_rfs.v
Duplicated file found; will not be sent for synthesis: /home/cod/Desktop/prj5_3/success/prj5-dnn-harvardchen/hardware/vivado_prj/prj_5/prj_5.srcs/sources_1/bd/mpsoc/ipshared/4158/hdl/blk_mem_gen_v8_3_vhsyn_rfs.vhd
Duplicated file found; will not be sent for synthesis: /home/cod/Desktop/prj5_3/success/prj5-dnn-harvardchen/hardware/vivado_prj/prj_5/prj_5.srcs/sources_1/bd/mpsoc/ipshared/ebc2/hdl/fifo_generator_v13_1_vhsyn_rfs.vhd
Duplicated file found; will not be sent for synthesis: /home/cod/Desktop/prj5_3/success/prj5-dnn-harvardchen/hardware/vivado_prj/prj_5/prj_5.srcs/sources_1/bd/mpsoc/ipshared/3bde/hdl/axi_dwidth_converter_v2_1_vlsyn_rfs.v
Duplicated file found; will not be sent for synthesis: /home/cod/Desktop/prj5_3/success/prj5-dnn-harvardchen/hardware/vivado_prj/prj_5/prj_5.srcs/sources_1/bd/mpsoc/ipshared/f9c1/hdl/generic_baseblocks_v2_1_vl_rfs.v
Duplicated file found; will not be sent for synthesis: /home/cod/Desktop/prj5_3/success/prj5-dnn-harvardchen/hardware/vivado_prj/prj_5/prj_5.srcs/sources_1/bd/mpsoc/ipshared/95b9/hdl/axi_data_fifo_v2_1_vl_rfs.v
Duplicated file found; will not be sent for synthesis: /home/cod/Desktop/prj5_3/success/prj5-dnn-harvardchen/hardware/vivado_prj/prj_5/prj_5.srcs/sources_1/bd/mpsoc/ipshared/7e3a/hdl/axi_infrastructure_v1_1_0.vh
Duplicated file found; will not be sent for synthesis: /home/cod/Desktop/prj5_3/success/prj5-dnn-harvardchen/hardware/vivado_prj/prj_5/prj_5.srcs/sources_1/bd/mpsoc/ipshared/7e3a/hdl/axi_infrastructure_v1_1_vl_rfs.v
Duplicated file found; will not be sent for synthesis: /home/cod/Desktop/prj5_3/success/prj5-dnn-harvardchen/hardware/vivado_prj/prj_5/prj_5.srcs/sources_1/bd/mpsoc/ipshared/55c0/hdl/axi_register_slice_v2_1_vl_rfs.v
Duplicated file found; will not be sent for synthesis: /home/cod/Desktop/prj5_3/success/prj5-dnn-harvardchen/hardware/vivado_prj/prj_5/prj_5.srcs/sources_1/bd/mpsoc/ipshared/f0ae/hdl/axi_protocol_converter_v2_1_vl_rfs.v
Duplicated file found; will not be sent for synthesis: /home/cod/Desktop/prj5_3/success/prj5-dnn-harvardchen/hardware/vivado_prj/prj_5/prj_5.srcs/sources_1/bd/mpsoc/ipshared/4158/hdl/blk_mem_gen_v8_3_vhsyn_rfs.vhd
Duplicated file found; will not be sent for synthesis: /home/cod/Desktop/prj5_3/success/prj5-dnn-harvardchen/hardware/vivado_prj/prj_5/prj_5.srcs/sources_1/bd/mpsoc/ipshared/ebc2/hdl/fifo_generator_v13_1_vhsyn_rfs.vhd
Duplicated file found; will not be sent for synthesis: /home/cod/Desktop/prj5_3/success/prj5-dnn-harvardchen/hardware/vivado_prj/prj_5/prj_5.srcs/sources_1/bd/mpsoc/ipshared/7e3a/hdl/axi_infrastructure_v1_1_0.vh
Duplicated file found; will not be sent for synthesis: /home/cod/Desktop/prj5_3/success/prj5-dnn-harvardchen/hardware/vivado_prj/prj_5/prj_5.srcs/sources_1/bd/mpsoc/ipshared/7e3a/hdl/axi_infrastructure_v1_1_vl_rfs.v
Duplicated file found; will not be sent for synthesis: /home/cod/Desktop/prj5_3/success/prj5-dnn-harvardchen/hardware/vivado_prj/prj_5/prj_5.srcs/sources_1/bd/mpsoc/ipshared/55c0/hdl/axi_register_slice_v2_1_vl_rfs.v
Duplicated file found; will not be sent for synthesis: /home/cod/Desktop/prj5_3/success/prj5-dnn-harvardchen/hardware/vivado_prj/prj_5/prj_5.srcs/sources_1/bd/mpsoc/ipshared/7e3a/hdl/axi_infrastructure_v1_1_0.vh
Duplicated file found; will not be sent for synthesis: /home/cod/Desktop/prj5_3/success/prj5-dnn-harvardchen/hardware/vivado_prj/prj_5/prj_5.srcs/sources_1/bd/mpsoc/ipshared/7e3a/hdl/axi_infrastructure_v1_1_vl_rfs.v
Duplicated file found; will not be sent for synthesis: /home/cod/Desktop/prj5_3/success/prj5-dnn-harvardchen/hardware/vivado_prj/prj_5/prj_5.srcs/sources_1/bd/mpsoc/ipshared/55c0/hdl/axi_register_slice_v2_1_vl_rfs.v
Duplicated file found; will not be sent for synthesis: /home/cod/Desktop/prj5_3/success/prj5-dnn-harvardchen/hardware/vivado_prj/prj_5/prj_5.srcs/sources_1/bd/mpsoc/ipshared/f9c1/hdl/generic_baseblocks_v2_1_vl_rfs.v
Duplicated file found; will not be sent for synthesis: /home/cod/Desktop/prj5_3/success/prj5-dnn-harvardchen/hardware/vivado_prj/prj_5/prj_5.srcs/sources_1/bd/mpsoc/ipshared/95b9/hdl/axi_data_fifo_v2_1_vl_rfs.v
Duplicated file found; will not be sent for synthesis: /home/cod/Desktop/prj5_3/success/prj5-dnn-harvardchen/hardware/vivado_prj/prj_5/prj_5.srcs/sources_1/bd/mpsoc/ipshared/7e3a/hdl/axi_infrastructure_v1_1_0.vh
Duplicated file found; will not be sent for synthesis: /home/cod/Desktop/prj5_3/success/prj5-dnn-harvardchen/hardware/vivado_prj/prj_5/prj_5.srcs/sources_1/bd/mpsoc/ipshared/7e3a/hdl/axi_infrastructure_v1_1_vl_rfs.v
Duplicated file found; will not be sent for synthesis: /home/cod/Desktop/prj5_3/success/prj5-dnn-harvardchen/hardware/vivado_prj/prj_5/prj_5.srcs/sources_1/bd/mpsoc/ipshared/55c0/hdl/axi_register_slice_v2_1_vl_rfs.v
Duplicated file found; will not be sent for synthesis: /home/cod/Desktop/prj5_3/success/prj5-dnn-harvardchen/hardware/vivado_prj/prj_5/prj_5.srcs/sources_1/bd/mpsoc/ipshared/f0ae/hdl/axi_protocol_converter_v2_1_vl_rfs.v
Duplicated file found; will not be sent for synthesis: /home/cod/Desktop/prj5_3/success/prj5-dnn-harvardchen/hardware/vivado_prj/prj_5/prj_5.srcs/sources_1/bd/mpsoc/ipshared/4158/hdl/blk_mem_gen_v8_3_vhsyn_rfs.vhd
Duplicated file found; will not be sent for synthesis: /home/cod/Desktop/prj5_3/success/prj5-dnn-harvardchen/hardware/vivado_prj/prj_5/prj_5.srcs/sources_1/bd/mpsoc/ipshared/ebc2/hdl/fifo_generator_v13_1_vhsyn_rfs.vhd
Duplicated file found; will not be sent for synthesis: /home/cod/Desktop/prj5_3/success/prj5-dnn-harvardchen/hardware/vivado_prj/prj_5/prj_5.srcs/sources_1/bd/mpsoc/ipshared/f9c1/hdl/generic_baseblocks_v2_1_vl_rfs.v
Duplicated file found; will not be sent for synthesis: /home/cod/Desktop/prj5_3/success/prj5-dnn-harvardchen/hardware/vivado_prj/prj_5/prj_5.srcs/sources_1/bd/mpsoc/ipshared/95b9/hdl/axi_data_fifo_v2_1_vl_rfs.v
Duplicated file found; will not be sent for synthesis: /home/cod/Desktop/prj5_3/success/prj5-dnn-harvardchen/hardware/vivado_prj/prj_5/prj_5.srcs/sources_1/bd/mpsoc/ipshared/7e3a/hdl/axi_infrastructure_v1_1_0.vh
Duplicated file found; will not be sent for synthesis: /home/cod/Desktop/prj5_3/success/prj5-dnn-harvardchen/hardware/vivado_prj/prj_5/prj_5.srcs/sources_1/bd/mpsoc/ipshared/7e3a/hdl/axi_infrastructure_v1_1_vl_rfs.v
Duplicated file found; will not be sent for synthesis: /home/cod/Desktop/prj5_3/success/prj5-dnn-harvardchen/hardware/vivado_prj/prj_5/prj_5.srcs/sources_1/bd/mpsoc/ipshared/55c0/hdl/axi_register_slice_v2_1_vl_rfs.v
Duplicated file found; will not be sent for synthesis: /home/cod/Desktop/prj5_3/success/prj5-dnn-harvardchen/hardware/vivado_prj/prj_5/prj_5.srcs/sources_1/bd/mpsoc/ipshared/f0ae/hdl/axi_protocol_converter_v2_1_vl_rfs.v
Duplicated file found; will not be sent for synthesis: /home/cod/Desktop/prj5_3/success/prj5-dnn-harvardchen/hardware/vivado_prj/prj_5/prj_5.srcs/sources_1/bd/mpsoc/ipshared/80fd/hdl/axi_clock_converter_v2_1_vl_rfs.v
Duplicated file found; will not be sent for synthesis: /home/cod/Desktop/prj5_3/success/prj5-dnn-harvardchen/hardware/vivado_prj/prj_5/prj_5.srcs/sources_1/bd/mpsoc/ipshared/4158/hdl/blk_mem_gen_v8_3_vhsyn_rfs.vhd
Duplicated file found; will not be sent for synthesis: /home/cod/Desktop/prj5_3/success/prj5-dnn-harvardchen/hardware/vivado_prj/prj_5/prj_5.srcs/sources_1/bd/mpsoc/ipshared/ebc2/hdl/fifo_generator_v13_1_vhsyn_rfs.vhd
Duplicated file found; will not be sent for synthesis: /home/cod/Desktop/prj5_3/success/prj5-dnn-harvardchen/hardware/vivado_prj/prj_5/prj_5.srcs/sources_1/bd/mpsoc/ipshared/3bde/hdl/axi_dwidth_converter_v2_1_vlsyn_rfs.v
Duplicated file found; will not be sent for synthesis: /home/cod/Desktop/prj5_3/success/prj5-dnn-harvardchen/hardware/vivado_prj/prj_5/prj_5.srcs/sources_1/bd/mpsoc/ipshared/7e3a/hdl/axi_infrastructure_v1_1_0.vh
Duplicated file found; will not be sent for synthesis: /home/cod/Desktop/prj5_3/success/prj5-dnn-harvardchen/hardware/vivado_prj/prj_5/prj_5.srcs/sources_1/bd/mpsoc/ipshared/7e3a/hdl/axi_infrastructure_v1_1_vl_rfs.v
Duplicated file found; will not be sent for synthesis: /home/cod/Desktop/prj5_3/success/prj5-dnn-harvardchen/hardware/vivado_prj/prj_5/prj_5.srcs/sources_1/bd/mpsoc/ipshared/55c0/hdl/axi_register_slice_v2_1_vl_rfs.v
Duplicated file found; will not be sent for synthesis: /home/cod/Desktop/prj5_3/success/prj5-dnn-harvardchen/hardware/vivado_prj/prj_5/prj_5.srcs/sources_1/bd/mpsoc/ipshared/7e3a/hdl/axi_infrastructure_v1_1_0.vh
Duplicated file found; will not be sent for synthesis: /home/cod/Desktop/prj5_3/success/prj5-dnn-harvardchen/hardware/vivado_prj/prj_5/prj_5.srcs/sources_1/bd/mpsoc/ipshared/7e3a/hdl/axi_infrastructure_v1_1_vl_rfs.v
Duplicated file found; will not be sent for synthesis: /home/cod/Desktop/prj5_3/success/prj5-dnn-harvardchen/hardware/vivado_prj/prj_5/prj_5.srcs/sources_1/bd/mpsoc/ipshared/55c0/hdl/axi_register_slice_v2_1_vl_rfs.v
Duplicated file found; will not be sent for synthesis: /home/cod/Desktop/prj5_3/success/prj5-dnn-harvardchen/hardware/vivado_prj/prj_5/prj_5.srcs/sources_1/bd/mpsoc/ipshared/f9c1/hdl/generic_baseblocks_v2_1_vl_rfs.v
Duplicated file found; will not be sent for synthesis: /home/cod/Desktop/prj5_3/success/prj5-dnn-harvardchen/hardware/vivado_prj/prj_5/prj_5.srcs/sources_1/bd/mpsoc/ipshared/95b9/hdl/axi_data_fifo_v2_1_vl_rfs.v
Duplicated file found; will not be sent for synthesis: /home/cod/Desktop/prj5_3/success/prj5-dnn-harvardchen/hardware/vivado_prj/prj_5/prj_5.srcs/sources_1/bd/mpsoc/ipshared/7e3a/hdl/axi_infrastructure_v1_1_0.vh
Duplicated file found; will not be sent for synthesis: /home/cod/Desktop/prj5_3/success/prj5-dnn-harvardchen/hardware/vivado_prj/prj_5/prj_5.srcs/sources_1/bd/mpsoc/ipshared/7e3a/hdl/axi_infrastructure_v1_1_vl_rfs.v
Duplicated file found; will not be sent for synthesis: /home/cod/Desktop/prj5_3/success/prj5-dnn-harvardchen/hardware/vivado_prj/prj_5/prj_5.srcs/sources_1/bd/mpsoc/ipshared/55c0/hdl/axi_register_slice_v2_1_vl_rfs.v
Duplicated file found; will not be sent for synthesis: /home/cod/Desktop/prj5_3/success/prj5-dnn-harvardchen/hardware/vivado_prj/prj_5/prj_5.srcs/sources_1/bd/mpsoc/ipshared/f0ae/hdl/axi_protocol_converter_v2_1_vl_rfs.v
Duplicated file found; will not be sent for synthesis: /home/cod/Desktop/prj5_3/success/prj5-dnn-harvardchen/hardware/vivado_prj/prj_5/prj_5.srcs/sources_1/bd/mpsoc/ipshared/80fd/hdl/axi_clock_converter_v2_1_vl_rfs.v
Duplicated file found; will not be sent for synthesis: /home/cod/Desktop/prj5_3/success/prj5-dnn-harvardchen/hardware/vivado_prj/prj_5/prj_5.srcs/sources_1/bd/mpsoc/ipshared/4158/hdl/blk_mem_gen_v8_3_vhsyn_rfs.vhd
Duplicated file found; will not be sent for synthesis: /home/cod/Desktop/prj5_3/success/prj5-dnn-harvardchen/hardware/vivado_prj/prj_5/prj_5.srcs/sources_1/bd/mpsoc/ipshared/ebc2/hdl/fifo_generator_v13_1_vhsyn_rfs.vhd
Duplicated file found; will not be sent for synthesis: /home/cod/Desktop/prj5_3/success/prj5-dnn-harvardchen/hardware/vivado_prj/prj_5/prj_5.srcs/sources_1/bd/mpsoc/ipshared/3bde/hdl/axi_dwidth_converter_v2_1_vlsyn_rfs.v
Duplicated file found; will not be sent for synthesis: /home/cod/Desktop/prj5_3/success/prj5-dnn-harvardchen/hardware/vivado_prj/prj_5/prj_5.srcs/sources_1/bd/mpsoc/ipshared/f9c1/hdl/generic_baseblocks_v2_1_vl_rfs.v
Duplicated file found; will not be sent for synthesis: /home/cod/Desktop/prj5_3/success/prj5-dnn-harvardchen/hardware/vivado_prj/prj_5/prj_5.srcs/sources_1/bd/mpsoc/ipshared/95b9/hdl/axi_data_fifo_v2_1_vl_rfs.v
Duplicated file found; will not be sent for synthesis: /home/cod/Desktop/prj5_3/success/prj5-dnn-harvardchen/hardware/vivado_prj/prj_5/prj_5.srcs/sources_1/bd/mpsoc/ipshared/7e3a/hdl/axi_infrastructure_v1_1_0.vh
Duplicated file found; will not be sent for synthesis: /home/cod/Desktop/prj5_3/success/prj5-dnn-harvardchen/hardware/vivado_prj/prj_5/prj_5.srcs/sources_1/bd/mpsoc/ipshared/7e3a/hdl/axi_infrastructure_v1_1_vl_rfs.v
Duplicated file found; will not be sent for synthesis: /home/cod/Desktop/prj5_3/success/prj5-dnn-harvardchen/hardware/vivado_prj/prj_5/prj_5.srcs/sources_1/bd/mpsoc/ipshared/55c0/hdl/axi_register_slice_v2_1_vl_rfs.v
Duplicated file found; will not be sent for synthesis: /home/cod/Desktop/prj5_3/success/prj5-dnn-harvardchen/hardware/vivado_prj/prj_5/prj_5.srcs/sources_1/bd/mpsoc/ipshared/f0ae/hdl/axi_protocol_converter_v2_1_vl_rfs.v
Duplicated file found; will not be sent for synthesis: /home/cod/Desktop/prj5_3/success/prj5-dnn-harvardchen/hardware/vivado_prj/prj_5/prj_5.srcs/sources_1/bd/mpsoc/ipshared/4158/hdl/blk_mem_gen_v8_3_vhsyn_rfs.vhd
Duplicated file found; will not be sent for synthesis: /home/cod/Desktop/prj5_3/success/prj5-dnn-harvardchen/hardware/vivado_prj/prj_5/prj_5.srcs/sources_1/bd/mpsoc/ipshared/ebc2/hdl/fifo_generator_v13_1_vhsyn_rfs.vhd
CRC performance measure: elapsed=00:00:00s;;memory_peak=2304.809MB;;memory_gain=0.000MB
